// Jest Snapshot v1, https://goo.gl/fbAQLP

exports[`SizeIndicator matches snapshot 1`] = `
<DocumentFragment>
  <div
    class="MuiBox-root css-1geazhv"
    style="width: 850px; height: 492.4px; left: -430.5px; top: -251.7px;"
  />
</DocumentFragment>
`;
